// Jest Snapshot v1, https://goo.gl/fbAQLP

exports[`Pruebas en <FirstApp /> debe de hacer match con el snapshot 1`] = `
<div>
  <h2>
    Hola, soy Goku
  </h2>
  <p>
    Sin subt√≠tulo
  </p>
  <code>
    {"message":"Hola Mundo","titulo":"Esto es un tipo de saludo"}
  </code>
</div>
`;
